04-16 16:37:39.149   913   994 D DuraSpeed/DSPolicyBase: [setCurrentLauncher] = com.bbk.launcher2
04-16 16:37:39.150   913  4032 I WindowManager: Relayout Window{4221355 u0 com.bbk.launcher2/com.bbk.launcher2.Launcher}: oldVis=8 newVis=0 focusMayChange = true
04-16 16:37:39.150   913   994 D DuraSpeed/AWSManager: [setCurrentLauncher] = com.bbk.launcher2
04-16 16:37:39.151   913   994 D DuraSpeed/DuraSpeedInternalManager: switchState currentPackage = com.bbk.launcher2, event =1004
04-16 16:37:39.151   913  4032 D WindowManager: activity is force full screen activity: false
04-16 16:37:39.151   913   994 D DuraSpeed/DuraSpeedInternalManager: switchState end
04-16 16:37:39.153   913  4032 I WindowManager: Launcher not resumed, delay app transition.
04-16 16:37:39.156  2770  2770 D Surface : Surface::allocateBuffers(this=0x7350272000)
04-16 16:37:39.156  2770  3064 D Surface : Surface::connect(this=0x7350272000,api=1)
04-16 16:37:39.156   913  1129 I WindowManager: Launcher not resumed, delay app transition.
04-16 16:37:39.156   407   433 I BufferQueueProducer: [com.bbk.launcher2/com.bbk.launcher2.Launcher#0](this:0x784d65e000,id:182,api:1,p:2770,c:407) connect(P): api=1 producer=(2770:com.bbk.launcher2) producerControlledByApp=true
04-16 16:37:39.159  2770  3064 D mali_winsys: EGLint new_window_surface(egl_winsys_display *, void *, EGLSurface, EGLConfig, egl_winsys_surface **, egl_color_buffer_format *, EGLBoolean) returns 0x3000
04-16 16:37:39.160   913  3489 I WindowManager: Launcher not resumed, delay app transition.
04-16 16:37:39.162   913  3470 D WindowManager: activity is force full screen activity: false
04-16 16:37:39.162   407   407 I BufferQueueConsumer: [Splash Screen com.yunshouhu.hellojni:Inset:Sub#0](this:0x7857507800,id:193,api:2,p:913,c:-1) disconnect(C)
04-16 16:37:39.162   407   407 I BufferQueueConsumer: [Splash Screen com.yunshouhu.hellojni#0](this:0x784d70d000,id:191,api:2,p:913,c:-1) disconnect(C)
04-16 16:37:39.163   407   407 I BufferQueueConsumer: [Splash Screen com.yunshouhu.hellojni:Inset#0](this:0x7857506000,id:192,api:2,p:913,c:-1) disconnect(C)
04-16 16:37:39.163   913  3489 D ActivityManager: reset multiwindow status for exit
04-16 16:37:39.164   913  3470 I WindowManager: Launcher not resumed, delay app transition.
04-16 16:37:39.165  1335  1335 D ImageWallpaper: onOffsetsChanged: xOffset=0.0, yOffset=0.0, xOffsetStep=0.0, yOffsetStep=0.0, xPixels=0, yPixels=0
04-16 16:37:39.165  1335  1457 I VivoNetworkController: SystemUI|onSignalStrengthsChanged received on phoneId : 0, signalStrength = MtkSignalStrength: 99 -1 -120 -160 -120 -1 -1 99 2147483647 2147483647 2147483647 2147483647 0 -73 gsm|lte 0, level = 4, gsm level = 0, cdma level = 0
04-16 16:37:39.165  1335  1457 I SIMAndNetworkHelper: SystemUI|isSIMInserted, phoneId = 0, mIsSIM1Insert = true, mIsSIM2Insert = false
04-16 16:37:39.165  1335  1457 I VivoNetworkController: SystemUI|ss.getDataRegState() = 1, ss.getDataNetworkType() = 0, ss.getVoiceRegState() = 1, ss.getVoiceNetworkType() = 0
04-16 16:37:39.165  1335  1457 I VivoNetworkController: SystemUI|updateTelephonySignalStrength, phoneId = 0, equals = false
04-16 16:37:39.165  1335  1457 I VivoNetworkController: SystemUI|ss.getDataRegState() = 1, ss.getDataNetworkType() = 0, ss.getVoiceRegState() = 1, ss.getVoiceNetworkType() = 0
04-16 16:37:39.165  1335  1457 I VivoNetworkController: SystemUI|No Service
04-16 16:37:39.167  1335  1335 D ImageWallpaper: drawFrame, newRotation:0 mLastRotation:0
04-16 16:37:39.167  1335  1335 D ImageWallpaper: drawFrame, frame size:1080/2280; ForceDraw : false
04-16 16:37:39.167  1335  1335 D ImageWallpaper: Suppressed drawFrame since redraw is not needed and offsets have not changed.
04-16 16:37:39.167  1335  1335 W Settings: Setting airplane_mode_on has moved from android.provider.Settings.System to android.provider.Settings.Global, returning read-only value.
04-16 16:37:39.167  1335  1335 I SIMAndNetworkHelper: SystemUI|isSIMInserted, phoneId = 0, mIsSIM1Insert = true, mIsSIM2Insert = false
04-16 16:37:39.167  1335  1335 I SIMAndNetworkHelper: SystemUI|isSIMInserted, phoneId = 1, mIsSIM1Insert = true, mIsSIM2Insert = false
04-16 16:37:39.167  1335  1335 I SIMAndNetworkHelper: SystemUI|isSIMInserted, phoneId = 0, mIsSIM1Insert = true, mIsSIM2Insert = false
04-16 16:37:39.167  1335  1335 I SIMAndNetworkHelper: SystemUI|isSIMInserted, phoneId = 1, mIsSIM1Insert = true, mIsSIM2Insert = false
04-16 16:37:39.167   913  3489 I WindowManager: Launcher not resumed, delay app transition.
04-16 16:37:39.169   913  3489 I WindowManager: Launcher not resumed, delay app transition.
04-16 16:37:39.169   913  3489 I WindowManager: appTransitionStateChanged, mVivoTransitionOnGoing = false
04-16 16:37:39.171   913  3489 I WindowManager: Launcher not resumed, delay app transition.
04-16 16:37:39.174   913   990 I vivo_debug_StackTransition: updateMulitWindowSpecifiedWindowDrawnState obj = Token{3389f0f ActivityRecord{fa82c6e u0 com.bbk.launcher2/.Launcher t2}}
04-16 16:37:39.174   913   981 W ActivityManager: user_experience_improve_plan is open.Skipping crash dialog.
04-16 16:37:39.174  1569 23892 D GameModeManager: isGameWatchAPP packageName:com.yunshouhu.hellojni
04-16 16:37:39.174   913 28180 W AppErrors: com.yunshouhu.hellojni crash because Native crash
04-16 16:37:39.175   913 20069 W ContextImpl: Calling a method in the system process without a qualified user: android.app.ContextImpl.sendBroadcast:981 com.vivo.services.rms.ProcErrors$MyHandler.broadcast:99 com.vivo.services.rms.ProcErrors$MyHandler.handleMessage:88 android.os.Handler.dispatchMessage:106 android.os.Looper.loop:192 
04-16 16:37:39.175   913   981 D VivoLocationNotify: onProcessDied: pid=28156, uid=10420
04-16 16:37:39.175  1842  3479 D _V_AIE-UsageDetailAppCollector: onProcessDied_PID = 28156 ,uid = 10420
04-16 16:37:39.175  1569 25564 W MotorModeDaemonService: process died pid : 28156 mMotorModePid: -1
04-16 16:37:39.175   913  1211 D VivoLocationNotify: handleMessage 1
04-16 16:37:39.175   913  1211 D VivoLocationNotify: getAppName com.yunshouhu.hellojni
04-16 16:37:39.175   913  1211 D VivoLocationNotify: appName:com.yunshouhu.hellojni
04-16 16:37:39.175  1842  2475 D _V_AIE-UsageDetailAppCollector: deleteDiedAppList_getUid()=10420
04-16 16:37:39.175  1842  2475 D _V_AIE-UsageDetailAppCollector: deleteDiedAppList_getPid()=28156
04-16 16:37:39.175  1842  2475 D _V_AIE-UsageDetailAppCollector: deleteDiedAppList_mForgroundInfo_pid=28156,mForgroundInfo_pkgName=com.yunshouhu.hellojni,mForgroundInfo_uid=10420,mBackgroundInfo_pid=2770,mBackgroundInfo_pkgName=com.bbk.launcher2,mBackgroundInfo_uid=10035
04-16 16:37:39.175  5073  5219 I _V_UsageAppManager: deleteDiedAppList_getUid()=10420
04-16 16:37:39.175  5073  5219 I _V_UsageAppManager: deleteDiedAppList_getPid()=28156
04-16 16:37:39.175  5073  5219 I _V_UsageAppManager: deleteDiedAppList_mForgroundInfo_pid=28156,mForgroundInfo_pkgName=com.yunshouhu.hellojni,mForgroundInfo_uid=10420,mBackgroundInfo_pid=2770,mBackgroundInfo_pkgName=com.bbk.launcher2,mBackgroundInfo_uid=10035
04-16 16:37:39.176   913  1261 D ScreenBrightnessModeRestore: pakage name is com.yunshouhu.hellojniwith :10420
04-16 16:37:39.176   913  1261 D ScreenBrightnessModeRestore:  onProcessDiedInner, pid = 28156 , mCurrentForceGroundPid = 28156 mAppName: com.yunshouhu.hellojni mWaitToRestore=false
04-16 16:37:39.176   913   998 D PowerManagerService: fgApp changed!
04-16 16:37:39.176  1569  1569 I VivoDaemonServiceApp: notify mSuspendModeManager
04-16 16:37:39.176   913 20069 I PackageManager: ### pkg:Package{72ba673 com.vivo.abe}
04-16 16:37:39.176  5073  5219 I _V_UsageAppManager: getversionCode=1
04-16 16:37:39.176  5073  5219 I _V_UsageAppManager: getVersionName_name=1.0
04-16 16:37:39.176   913 20069 E ActivityManager: Sending non-protected broadcast com.vivo.perfdiagnosis.MSG_CENTER from system 913:system/1000 pkg android
04-16 16:37:39.177   913 20069 E ActivityManager: Sending non-protected broadcast com.vivo.perfdiagnosis.MSG_CENTER from system 913:system/1000 pkg android
04-16 16:37:39.177  5073  5219 I _V_UsageAppManager: getversionCode=1
04-16 16:37:39.177  5073  5219 I _V_UsageAppManager: getVersionName_name=1.0
04-16 16:37:39.177  1842  2475 D _V_AIE-UsageDetailAppCollector: getversionCode=1
04-16 16:37:39.177  1842  2475 D _V_AIE-UsageDetailAppCollector: getVersionName_name=1.0
04-16 16:37:39.178   913  3470 I WindowManager: overridePendingAppTransitionThumbFromLauncher, bmpWidth = null, bmpHeight = null, startX = 540, startY = 1140, scaleUp = false, animateExit = true, isTransitionSet() = true, mNextAppTransitionType = 0
04-16 16:37:39.178   913  1261 D ScreenBrightnessModeRestore: mRunnable try to restore, mLastScreenBrightness: 37 mWaitToRestoreBrightness: false mWaitToRestoreMode: false mLastScreenMode: 1
04-16 16:37:39.178   913  3470 I WindowManager: after overridePendingAppTransitionThumbFromLauncher
04-16 16:37:39.179  5179 16304 I FloatWindowManagerService: get top = com.bbk.launcher2
04-16 16:37:39.179   913   981 D View    : [Warning] assignParent to null: this = DecorView@1387437[hellojni]
04-16 16:37:39.179   913   981 I CatcherGestureDetector: DecorView onDetached
04-16 16:37:39.179   913   981 D Surface : Surface::disconnect(this=0x733d85c000,api=2)
04-16 16:37:39.180   407   432 I BufferQueueProducer: [Splash Screen com.yunshouhu.hellojni#0](this:0x784d70d000,id:191,api:2,p:913,c:-1) disconnect(P): api 2
04-16 16:37:39.180   913  1186 V NetworkStats: setKernelCounterSet uid=10420 set=0
04-16 16:37:39.180  1842  2475 D _V_AIE-f: wifi enable
04-16 16:37:39.181  1842  2475 D _V_AIE-UsageDetailAppCollector: getTemperature_temp=28.0
04-16 16:37:39.181  1842  2475 D _V_AIE-UsageDetailAppCollector: silentOrVibrateMode=false
04-16 16:37:39.181  2770  2770 D Launcher: onResume -- mState = WORKSPACE
04-16 16:37:39.181  2770  2770 D Launcher: launcher onResume duration: 22
04-16 16:37:39.182  5073  5146 V _V_SingleDBHelper: onOpen
04-16 16:37:39.182  2770  2770 V PhoneWindow: DecorView setVisiblity: visibility = 0, Parent = ViewRoot{858c57c com.bbk.launcher2/com.bbk.launcher2.Launcher,ident = 0}, this = DecorView@ab22b4e[Launcher]
04-16 16:37:39.182  1842  2475 D _V_AIE-UsageDetailAppCollector: vibrateSetting=true
04-16 16:37:39.183  1842  2475 D _V_AIE-UsageDetailAppCollector: checkflightModeValuee=0
04-16 16:37:39.183  1842  2475 D _V_AIE-UsageDetailAppCollector: getNotificationNum=0
04-16 16:37:39.183  1842  2475 D _V_AIE-UsageDetailAppCollector: paramsUpload succ
04-16 16:37:39.185  1842  2475 D _V_AIE-UsageDetailAppCollector: getversionCode=1
04-16 16:37:39.185  1842  2475 D _V_AIE-UsageDetailAppCollector: getVersionName_name=1.0
04-16 16:37:39.185  1842  2475 D _V_AIE-UsageDetailAppCollector: LBSLocationTask.getInstance().startLocation
04-16 16:37:39.185  1842  2475 D _V_AIE-LBS-LBSLocationTask: startLocation callback: com.vivo.aiengine.services.collect.a.j$2@a0182c2  scaleTime: 600000
04-16 16:37:39.185  1842  2475 D _V_AIE-LBS-LBSLocationTask: mLastLocation is Valid.
04-16 16:37:39.185  1842  2475 D _V_AIE-UsageDetailAppCollector: onLocSuccess
04-16 16:37:39.185  2770  2770 D Launcher: onWindowFocusChanged ,  hasFocus = true
04-16 16:37:39.187  2770  3068 D Surface : lockCanvas
04-16 16:37:39.187  2770  3068 D Surface : Surface::connect(this=0x7350273000,api=2)
04-16 16:37:39.187   407   432 I BufferQueueProducer: [com.bbk.launcher2/com.bbk.launcher2.Launcher:Inset:Sub#0](this:0x78575fc000,id:184,api:2,p:2770,c:407) connect(P): api=2 producer=(2770:com.bbk.launcher2) producerControlledByApp=true
04-16 16:37:39.188  5179 16304 I FloatWindowManagerService: lst n : com.yunshouhu.hellojni is not al , swi to eg !
04-16 16:37:39.188  1842  2052 D _V_AIE-ActivityMonitor: notifyActivityResumed ActivityInfo{componentName=ComponentInfo{com.bbk.launcher2/com.bbk.launcher2.Launcher}, packageInfo=PackageInfo{9e76c10 com.bbk.launcher2}}
04-16 16:37:39.188  1842  2052 D _V_AIE-PageGrab-PageGrabManager: [onActivityResumed]
04-16 16:37:39.188  1842  2052 D _V_AIE-PageGrab-PageGrabManager: FgPage changed, cancel all
04-16 16:37:39.188   913  1129 I WindowManager: appTransitionStateChanged, mVivoTransitionOnGoing = false
04-16 16:37:39.188   913  3489 I PackageManager: ### pkg:Package{f376876 com.vivo.vtouch}
04-16 16:37:39.188   913  3489 E ActivityManager: Sending non-protected broadcast vivo.vtouch.application.resumed from system 3634:com.vivo.contentcatcher/1000 pkg com.vivo.contentcatcher
04-16 16:37:39.188   913   981 D Surface : Surface::disconnect(this=0x733d880000,api=2)
04-16 16:37:39.189   913  3489 E ActivityManager: Sending non-protected broadcast vivo.vtouch.application.resumed from system 3634:com.vivo.contentcatcher/1000 pkg com.vivo.contentcatcher
04-16 16:37:39.189   407   782 I BufferQueue: [Splash Screen com.yunshouhu.hellojni#0](this:0x784d70d000,id:191,api:2,p:-1,c:-1) ~BufferQueueCore
04-16 16:37:39.189   913  1129 D WindowManager: activity is force full screen activity: false
04-16 16:37:39.189   407   433 I BufferQueueProducer: [Splash Screen com.yunshouhu.hellojni:Inset#0](this:0x7857506000,id:192,api:2,p:913,c:-1) disconnect(P): api 2
04-16 16:37:39.190  3728  3862 I _V_VTouch-TouchScan-j: onForegroundActivitiesChanged: ComponentInfo{com.bbk.launcher2/com.bbk.launcher2.Launcher}
04-16 16:37:39.190  3728  3862 I _V_VTouch-TouchScan-j: mForegroundPackageName: com.bbk.launcher2,lastPackageName:com.bbk.launcher2
04-16 16:37:39.190   913   981 D Surface : Surface::disconnect(this=0x733d939000,api=2)
04-16 16:37:39.190   407   433 I BufferQueue: [Splash Screen com.yunshouhu.hellojni:Inset#0](this:0x7857506000,id:192,api:2,p:-1,c:-1) ~BufferQueueCore
04-16 16:37:39.190   407  2331 I BufferQueueProducer: [Splash Screen com.yunshouhu.hellojni:Inset:Sub#0](this:0x7857507800,id:193,api:2,p:913,c:-1) disconnect(P): api 2
04-16 16:37:39.192  3634  3703 D _V_ContentCatcher-TouchCatcherService: cur package = com.bbk.launcher2 class = com.bbk.launcher2.Launcher
04-16 16:37:39.192  3634  3703 D _V_ContentCatcher-TouchCatcherService: [notifyFavoriteAppChange] mAllConfigComponents is null
04-16 16:37:39.193  1860  1860 I UpSlideHelper: UpSlide|toggleUpSlideViewInCamera isInCamera = false
04-16 16:37:39.193   913  2577 D InputMethodManagerService: windowGainedFocus isPasswordInputType:false
04-16 16:37:39.193  3401 16282 I FloatingBallDiplomat: FloatingBall|appTransitionStarting >> packageName =com.bbk.launcher2 activityName = com.bbk.launcher2.Launcher
04-16 16:37:39.194   913   981 W WindowManager: Failed looking up window callers=com.android.server.wm.WindowManagerService.windowForClientLocked:6744 com.android.server.wm.WindowManagerService.removeWindow:2045 com.android.server.wm.Session.remove:222 
04-16 16:37:39.194  1842 28187 D _V_AIE-FgAppTrigger: activityResumed & resumedPkgName = com.bbk.launcher2
04-16 16:37:39.194  1842 28187 D _V_AIE-FgPageTrigger: activityResumed & PackageName = com.bbk.launcher2
04-16 16:37:39.194   913   981 D WindowClient: Remove from mViews: DecorView@1387437[hellojni], this = android.view.WindowManagerGlobal@b1d70aa
04-16 16:37:39.194   407  2331 I BufferQueue: [Splash Screen com.yunshouhu.hellojni:Inset:Sub#0](this:0x7857507800,id:193,api:2,p:-1,c:-1) ~BufferQueueCore
04-16 16:37:39.194  1842 28187 D _V_AIE-LocalPersistence: [insert]  BaseEventTableManager = class com.vivo.awarecontext.persistence.db.collect.event.FgPageEventTableManager
04-16 16:37:39.194   400   425 I vendor.mediatek.hardware.power@1.1-impl: PowerHint hint:8, data:0
04-16 16:37:39.195   407   432 I BufferQueueProducer: [com.bbk.launcher2/com.bbk.launcher2.Launcher:Inset:Sub#0](this:0x78575fc000,id:184,api:2,p:2770,c:407) queueBuffer: fps=0.08 dur=26116.66 max=25939.54 min=177.12
04-16 16:37:39.196  2770  3068 D Surface : lockCanvas
04-16 16:37:39.196  2770  3068 D Surface : Surface::connect(this=0x7350284000,api=2)
04-16 16:37:39.196   407  2331 I BufferQueueProducer: [com.bbk.launcher2/com.bbk.launcher2.Launcher:Inset#0](this:0x784d70e800,id:183,api:2,p:2770,c:407) connect(P): api=2 producer=(2770:com.bbk.launcher2) producerControlledByApp=true
04-16 16:37:39.196  2146  5084 I _V_RMS-Reclaim: available=3317376KB, current watermark=1126400KB, last watermark=1126400KB, current stopline=800, last stopline=1000
04-16 16:37:39.196  2146  5084 I _V_RMS-Reclaim: Reclaiming took : 1ms
04-16 16:37:39.197   913   984 I BootReceiver: Copying /data/tombstones/tombstone_02 to DropBox (SYSTEM_TOMBSTONE)
04-16 16:37:39.200   407   433 I BufferQueueProducer: [com.bbk.launcher2/com.bbk.launcher2.Launcher:Inset#0](this:0x784d70e800,id:183,api:2,p:2770,c:407) queueBuffer: fps=0.08 dur=26115.63 max=25942.70 min=172.93
04-16 16:37:39.200   913  3489 D IdleScreen: activityIdleScreen: android.app.ContextImpl@4d69111 mNotifyNeeded: false idleIntent: Intent { act=android.intent.action.MAIN cat=[android.intent.category.HOME] flg=0x10800100 cmp=com.bbk.launcher2/.Launcher }
04-16 16:37:39.200  1335  1335 I StatusBarColorController: SystemUI|onStatusBarBackgroundChanged:  componentName= ComponentInfo{com.bbk.launcher2/com.bbk.launcher2/com.bbk.launcher2.Launcher}, statusBarIconStyle = -1, statusBarBgColor = 0, mIsBgColorLight= false, mIsLightFlag= false, isLauncher= true, isKeyguardShowing= false
04-16 16:37:39.200  1335  1335 I StatusBarColorController: SystemUI|setIconsDark: mIsIconsDark= false, dark= false, mBarMode= 4, mIconStyle= -1, animate= false, mIsLightFlag= false
04-16 16:37:39.201   913  3489 E PowerHalWrapper: <amsBoostStop> duration: 6000ms
04-16 16:37:39.212   407   407 E SurfaceFlinger: [com.bbk.launcher2/com.bbk.launcher2.Launcher:Inset#0] rejecting buffer: bufWidth=1, bufHeight=1, front.active.{w=1080, h=0}
04-16 16:37:39.212  1842 28187 D _V_AIE-DbEventDispatcher: FgPageEvent changed【insert rowIds [7395]】【update count 0】【delete count 0】
04-16 16:37:39.213  1842  2389 D _V_AIE-DbEventDispatcher: handleInsertEvent rowId is 7395
04-16 16:37:39.219  3155  3155 D SogouIME: SogouIME mHandler = 98
04-16 16:37:39.241   913   922 I zygote64: Background concurrent copying GC freed 82051(5MB) AllocSpace objects, 17(480KB) LOS objects, 11% free, 46MB/52MB, paused 264us total 165.994ms
04-16 16:37:39.243   913   989 I PackageManager: ### pkg:Package{9b1bfe4 com.bbk.iqoo.logsystem}
04-16 16:37:39.243   913   980 D PackageManager: isPackageAvailable com.bbk.iqoo.logsystem, userId 0, result true, callingUid 1000
04-16 16:37:39.243   913   980 D ActivityManager: StartMode2 packageName = com.bbk.iqoo.logsystem ,callingPid = -1 ,alwaysRestrict = true ,startMode = 2 ,UidRec:UidRecord{a693134 u0a56 PER  change:active|uncached procs:1 seq(0,0,0)}
04-16 16:37:39.243   913 28181 W AES     : Exception Log handling...
04-16 16:37:39.246   913   989 I PackageManager: ### pkg:Package{9b1bfe4 com.bbk.iqoo.logsystem}
04-16 16:37:39.247   913   980 D PackageManager: isPackageAvailable com.bbk.iqoo.logsystem, userId 0, result true, callingUid 1000
04-16 16:37:39.247   913   980 D ActivityManager: StartMode2 packageName = com.bbk.iqoo.logsystem ,callingPid = -1 ,alwaysRestrict = true ,startMode = 2 ,UidRec:UidRecord{a693134 u0a56 PER  change:active|uncached procs:1 seq(0,0,0)}
04-16 16:37:39.300   913 28181 D AES     : ExceptionLog: notify aed (process:com.yunshouhu.hellojni pid:28156 cause:data_app_native_crash )
04-16 16:37:39.300   913 28181 W AES     : native_crash should be processed by aee already
04-16 16:37:39.314   913  1261 D RgbCurveAlgoDataStruct: calcAlsChangeCount length = 25
04-16 16:37:39.314   913  1261 D RgbCurveAlgoDataStruct: calcAlsChangeCount count = 1
04-16 16:37:39.341   913  3489 V NetworkStats: performPollLocked(flags=0x3)
04-16 16:37:39.347   913  3489 I NetworkStatsRecorder: recordSnapshotLocked: ident[[{type=WIFI, subType=COMBINED, networkId="vivo-CA", metered=false}]]
04-16 16:37:39.347   913  3489 W NetworkStatsRecorder: unknown interfaces [p2p0, lo], ignoring those stats
04-16 16:37:39.347   913  3489 I NetworkStatsRecorder: recordSnapshotLocked: ident[[{type=WIFI, subType=COMBINED, networkId="vivo-CA", metered=false}]]
04-16 16:37:39.347   913  3489 W NetworkStatsRecorder: unknown interfaces [p2p0, lo], ignoring those stats
04-16 16:37:39.347   913  3489 D NetworkStatsRecorder: vpnArray:[Lcom.android.internal.net.VpnInfo;@9efe0c3
04-16 16:37:39.347   913  3489 I NetworkStatsRecorder: recordSnapshotLocked: ident[[{type=WIFI, subType=COMBINED, networkId="vivo-CA", metered=false}]]
04-16 16:37:39.348   913  3489 W NetworkStatsRecorder: unknown interfaces [p2p0, lo], ignoring those stats
04-16 16:37:39.348   913  3489 D NetworkStatsRecorder: vpnArray:[Lcom.android.internal.net.VpnInfo;@9efe0c3
04-16 16:37:39.348   913  3489 W NetworkStatsRecorder: unknown interfaces [p2p0, lo], ignoring those stats
04-16 16:37:39.362   913  3489 V NetworkStats: performPollLocked() took 20ms
04-16 16:37:39.368  2770  3068 D Surface : lockCanvas
04-16 16:37:39.368  2770  3064 W OpenGLRenderer: Incorrectly called buildLayer on View: lll1l1l, destroying layer...
04-16 16:37:39.368  2770  3064 W OpenGLRenderer: Incorrectly called buildLayer on View: lll1l1l, destroying layer...
04-16 16:37:39.372  2770  3068 D Surface : lockCanvas
04-16 16:37:39.380   407   407 E SurfaceFlinger: [com.bbk.launcher2/com.bbk.launcher2.Launcher:Inset#0] rejecting buffer: bufWidth=1, bufHeight=1, front.active.{w=1080, h=0}
04-16 16:37:39.392   913  5449 D NetworkStats: Resolving plan for NetworkTemplate: matchRule=MOBILE_ALL, subscriberId=460013..., matchSubscriberIds=[460013...]
04-16 16:37:39.393   913  5449 D NetworkStats: Found active matching subId 1
04-16 16:37:39.393   913   922 I zygote64: NativeAlloc concurrent copying GC freed 31441(1696KB) AllocSpace objects, 37(15MB) LOS objects, 15% free, 32MB/38MB, paused 119us total 119.554ms
04-16 16:37:39.397   913  5449 D NetworkStats: Resolved to plan null
04-16 16:37:39.465  1335  1335 I StatusBarColorController: SystemUI|onStatusBarBackgroundChanged:  componentName= ComponentInfo{com.bbk.launcher2/com.bbk.launcher2/com.bbk.launcher2.Launcher}, statusBarIconStyle = -1, statusBarBgColor = 0, mIsBgColorLight= false, mIsLightFlag= false, isLauncher= true, isKeyguardShowing= false
04-16 16:37:39.465  1335  1335 I StatusBarColorController: SystemUI|setIconsDark: mIsIconsDark= false, dark= false, mBarMode= 4, mIconStyle= -1, animate= false, mIsLightFlag= false
04-16 16:37:39.465   913  1129 I WindowManager: appTransitionStateChanged, mVivoTransitionOnGoing = false
04-16 16:37:39.467  1335  1335 I StatusBarColorController: SystemUI|onStatusBarBackgroundChanged:  componentName= ComponentInfo{com.bbk.launcher2/com.bbk.launcher2/com.bbk.launcher2.Launcher}, statusBarIconStyle = -1, statusBarBgColor = 0, mIsBgColorLight= false, mIsLightFlag= false, isLauncher= true, isKeyguardShowing= false
04-16 16:37:39.467  1335  1335 I StatusBarColorController: SystemUI|setIconsDark: mIsIconsDark= false, dark= false, mBarMode= 4, mIconStyle= -1, animate= false, mIsLightFlag= false
04-16 16:37:39.663   913   990 W WindowManager: mExitingMultiWindowRunnable:force send MULTIWINDOW_TRANSACTION_TIMEOUT
04-16 16:37:39.764   913   990 I vivo_debug_StackTransition: updateMultiWindowTransTimeOut
04-16 16:37:39.764   913   990 I vivo_debug_StackTransition: closeVivoTransitionLocked mUseSpecialAnim = false
04-16 16:37:39.772  2770  2770 I Launcher.CustomLayoutContainer: isInterceptTouchEvent, mIntercept: false, mIsMoving: false
04-16 16:37:39.783  2770  2770 I Launcher.Utilities: setHomeIndicatorState start ====> ! type:1
04-16 16:37:39.786   407   433 I BufferQueueProducer: [com.bbk.launcher2/com.bbk.launcher2.Launcher#0](this:0x784d65e000,id:182,api:1,p:2770,c:407) queueBuffer: fps=3.29 dur=1214.45 max=512.86 min=106.10
04-16 16:37:39.787   913  1188 D WifiStateMachine:  MtkL2ConnectedState { id=7252 when=-1ms what=131155 arg1=8 target=com.android.internal.util.StateMachine$SmHandler } 8 0, mShouldDeferDisableWifi = false, mWaitForWfcNotify = false
04-16 16:37:39.797   913  5449 D WindowManager: activity is force full screen activity: false
04-16 16:37:39.798  1335  1335 I StatusBarColorController: SystemUI|onStatusBarBackgroundChanged:  componentName= ComponentInfo{com.bbk.launcher2/com.bbk.launcher2/com.bbk.launcher2.Launcher}, statusBarIconStyle = -1, statusBarBgColor = 0, mIsBgColorLight= false, mIsLightFlag= false, isLauncher= true, isKeyguardShowing= false
04-16 16:37:39.798  1335  1335 I StatusBarColorController: SystemUI|setIconsDark: mIsIconsDark= false, dark= false, mBarMode= 4, mIconStyle= -1, animate= false, mIsLightFlag= false
04-16 16:37:39.799  2770  2770 D Surface : Surface::disconnect(this=0x7350284000,api=2)
04-16 16:37:39.799   407   433 I BufferQueueProducer: [com.bbk.launcher2/com.bbk.launcher2.Launcher:Inset#0](this:0x784d70e800,id:183,api:2,p:2770,c:407) disconnect(P): api 2
04-16 16:37:39.799   407   433 I BufferQueueConsumer: [com.bbk.launcher2/com.bbk.launcher2.Launcher:Inset#0](this:0x784d70e800,id:183,api:2,p:-1,c:407) getReleasedBuffers: returning mask 0xffffffffffffffff
04-16 16:37:39.799  2770  2770 D Surface : Surface::disconnect(this=0x7350273000,api=2)
04-16 16:37:39.799   407  2331 I BufferQueueProducer: [com.bbk.launcher2/com.bbk.launcher2.Launcher:Inset:Sub#0](this:0x78575fc000,id:184,api:2,p:2770,c:407) disconnect(P): api 2
04-16 16:37:39.799   407  2331 I BufferQueueConsumer: [com.bbk.launcher2/com.bbk.launcher2.Launcher:Inset:Sub#0](this:0x78575fc000,id:184,api:2,p:-1,c:407) getReleasedBuffers: returning mask 0xffffffffffffffff
04-16 16:37:39.804   407   407 I DisplayDevice: [Built-in Screen (type:0)] fps:35.208401,dur:1306.51,max:307.36,min:11.17
04-16 16:37:39.859  1777  1777 D ScreenShotGesture: updateInputFilter enable = false ,isFilterEnable = false ,isMiniscreen = false,mIsAccessibilityServiceEnable = false
04-16 16:37:39.860  2770  2770 I Launcher.CustomLayoutContainer: isInterceptTouchEvent, mIntercept: false, mIsMoving: false
04-16 16:37:39.860  2770  2770 D Launcher:  click shortcut info is ShortcutInfo(title=seckey_cpp_demo intent=Intent { act=android.intent.action.MAIN cat=[android.intent.category.LAUNCHER] flg=0x30200000 cmp=com.yunshouhu.hellojni/.MainActivity bnds=[801,425][1047,673] (has extras) } id=345 type=30 installType=-1 appFlag=0 appClassfication=NONE container=-100 screen=4 cellX=3 cellY=1 isGesture=false dropPos=null)
04-16 16:37:39.861   913  5449 I ActivityManager: START u0 {act=android.intent.action.MAIN cat=[android.intent.category.LAUNCHER] flg=0x30200000 cmp=com.yunshouhu.hellojni/.MainActivity bnds=[801,425][1047,673] (has extras)} from uid 10035
04-16 16:37:39.861   913  5449 I ActivityManager: send message.
04-16 16:37:39.861  1569 23892 I SLService1: ActivityController mIsAndroidN_VivoMultiWindow = true, mIsMultiWindowOn = false
04-16 16:37:39.861  1569 23892 I SLService1: [Monitor]1--------[] t [com.yunshouhu.hellojni] f []
04-16 16:37:39.861  1569 23892 I SLService1: HAHA1 >>>> true <<<<
04-16 16:37:39.861   913  5449 I ActivityManager: remove message.
04-16 16:37:39.861   913  5449 I ActivityManager: send message.
04-16 16:37:39.861  1569 23892 D SLService: optionsFromCallbacks = null
04-16 16:37:39.862   913  5449 I ActivityManager: remove message.
04-16 16:37:39.863   400   425 I vendor.mediatek.hardware.power@1.1-impl: PowerHint hint:8, data:1
04-16 16:37:39.865   913  5449 I WindowManager: appTransitionStateChanged, mVivoTransitionOnGoing = false
04-16 16:37:39.866  1335  1335 I StatusBarColorController: SystemUI|onStatusBarBackgroundChanged:  componentName= ComponentInfo{com.bbk.launcher2/com.bbk.launcher2/com.bbk.launcher2.Launcher}, statusBarIconStyle = -1, statusBarBgColor = 0, mIsBgColorLight= false, mIsLightFlag= false, isLauncher= true, isKeyguardShowing= false
04-16 16:37:39.867  1335  1335 I StatusBarColorController: SystemUI|setIconsDark: mIsIconsDark= false, dark= false, mBarMode= 4, mIconStyle= -1, animate= false, mIsLightFlag= false
04-16 16:37:39.869   389   481 E gralloc : Failed to allocate buffer.
04-16 16:37:39.870   913  5449 E GraphicBufferAllocator: Failed to allocate (151 x 151) layerCount 1 format -3 usage 2: 5
04-16 16:37:39.870   913  5449 I WindowManager: overridePendingAppTransitionThumbFromLauncher, bmpWidth = null, bmpHeight = null, startX = 848, startY = 454, scaleUp = true, animateExit = true, isTransitionSet() = true, mNextAppTransitionType = 0
04-16 16:37:39.870   913  5449 I WindowManager: after overridePendingAppTransitionThumbFromLauncher
04-16 16:37:39.870  2770  2770 D Launcher: startActivitySafely success ? true
04-16 16:37:39.870  2770  2770 D Launcher: onPause -- mState = WORKSPACE
04-16 16:37:39.870   913   981 I DecorView: setWindowBackground mBackgroundPadding = Rect(0, 0 - 0, 0), mFramePadding = Rect(0, 0 - 0, 0), pkg = com.yunshouhu.hellojni
04-16 16:37:39.871   913  2577 I WindowManager: appTransitionStateChanged, mVivoTransitionOnGoing = false
04-16 16:37:39.871   913   981 D WindowClient: Add to mViews: DecorView@c4bbe22[hellojni], this = android.view.WindowManagerGlobal@b1d70aa
04-16 16:37:39.872   913   981 D ViewRootImpl[hellojni]: hardware acceleration = false , fakeHwAccelerated = true, sRendererDisabled = false, forceHwAccelerated = false, sSystemRendererDisabled = false
04-16 16:37:39.873   913   994 D DuraSpeed/DSPolicyBase: [setCurrentLauncher] = com.bbk.launcher2
04-16 16:37:39.874   913   994 D DuraSpeed/AWSManager: [setCurrentLauncher] = com.bbk.launcher2
04-16 16:37:39.875   913   994 D DuraSpeed/DuraSpeedInternalManager: switchState currentPackage = com.yunshouhu.hellojni, event =1004
04-16 16:37:39.875   913   994 D DuraSpeed/DuraSpeedInternalManager: switchState end
04-16 16:37:39.880   913   981 I CatcherGestureDetector: DecorView onAttached
04-16 16:37:39.883  1335  1335 I StatusBarColorController: SystemUI|onStatusBarBackgroundChanged:  componentName= ComponentInfo{com.bbk.launcher2/com.bbk.launcher2/com.bbk.launcher2.Launcher}, statusBarIconStyle = -1, statusBarBgColor = 0, mIsBgColorLight= false, mIsLightFlag= false, isLauncher= true, isKeyguardShowing= false
04-16 16:37:39.883  1335  1335 I StatusBarColorController: SystemUI|setIconsDark: mIsIconsDark= false, dark= false, mBarMode= 4, mIconStyle= -1, animate= false, mIsLightFlag= false
04-16 16:37:39.883   913  2577 I ActivityManager: Start proc 28189:com.yunshouhu.hellojni/u0a420 for activity com.yunshouhu.hellojni/.MainActivity
04-16 16:37:39.884   407   407 I BufferQueue: [unnamed-407-194](this:0x784d60e000,id:194,api:0,p:-1,c:-1) BufferQueue core=(407:/system/bin/surfaceflinger)
04-16 16:37:39.885   407   407 W GuiExt  : Cannot find GuiExtService
04-16 16:37:39.885   407   407 I BufferQueueConsumer: [unnamed-407-194](this:0x784d60e000,id:194,api:0,p:-1,c:407) connect(C): consumer=(407:/system/bin/surfaceflinger) controlledByApp=false
04-16 16:37:39.885   407   407 I BufferQueueConsumer: [unnamed-407-194](this:0x784d60e000,id:194,api:0,p:-1,c:407) setConsumerName: unnamed-407-194
04-16 16:37:39.885   407   407 I BufferQueueConsumer: [Splash Screen com.yunshouhu.hellojni#0](this:0x784d60e000,id:194,api:0,p:-1,c:407) setConsumerName: Splash Screen com.yunshouhu.hellojni#0
04-16 16:37:39.885   407   407 I BufferQueueConsumer: [Splash Screen com.yunshouhu.hellojni#0](this:0x784d60e000,id:194,api:0,p:-1,c:407) setDefaultBufferSize: width=1080 height=2280
04-16 16:37:39.886   407   407 I BufferQueue: [unnamed-407-195](this:0x784d60f800,id:195,api:0,p:-1,c:-1) BufferQueue core=(407:/system/bin/surfaceflinger)
04-16 16:37:39.886   407   407 W GuiExt  : Cannot find GuiExtService
04-16 16:37:39.886   407   407 I BufferQueueConsumer: [unnamed-407-195](this:0x784d60f800,id:195,api:0,p:-1,c:407) connect(C): consumer=(407:/system/bin/surfaceflinger) controlledByApp=false
04-16 16:37:39.886   407   407 I BufferQueueConsumer: [unnamed-407-195](this:0x784d60f800,id:195,api:0,p:-1,c:407) setConsumerName: unnamed-407-195
04-16 16:37:39.886   407   407 I BufferQueueConsumer: [Splash Screen com.yunshouhu.hellojni:Inset#0](this:0x784d60f800,id:195,api:0,p:-1,c:407) setConsumerName: Splash Screen com.yunshouhu.hellojni:Inset#0
04-16 16:37:39.887   407   407 I BufferQueue: [unnamed-407-196](this:0x784d670000,id:196,api:0,p:-1,c:-1) BufferQueue core=(407:/system/bin/surfaceflinger)
04-16 16:37:39.888   407   407 W GuiExt  : Cannot find GuiExtService
04-16 16:37:39.888   407   407 I BufferQueueConsumer: [unnamed-407-196](this:0x784d670000,id:196,api:0,p:-1,c:407) connect(C): consumer=(407:/system/bin/surfaceflinger) controlledByApp=false
04-16 16:37:39.888   407   407 I BufferQueueConsumer: [unnamed-407-196](this:0x784d670000,id:196,api:0,p:-1,c:407) setConsumerName: unnamed-407-196
04-16 16:37:39.888   407   407 I BufferQueueConsumer: [Splash Screen com.yunshouhu.hellojni:Inset:Sub#0](this:0x784d670000,id:196,api:0,p:-1,c:407) setConsumerName: Splash Screen com.yunshouhu.hellojni:Inset:Sub#0
04-16 16:37:39.888   407   407 I BufferQueueConsumer: [Splash Screen com.yunshouhu.hellojni:Inset:Sub#0](this:0x784d670000,id:196,api:0,p:-1,c:407) setDefaultBufferSize: width=1 height=1
04-16 16:37:39.889 28189 28189 I zygote  : Late-enabling -Xcheck:jni
04-16 16:37:39.889   913   981 D WindowManager: activity is force full screen activity: false
04-16 16:37:39.891  1335  1335 I StatusBarColorController: SystemUI|onStatusBarBackgroundChanged:  componentName= ComponentInfo{com.bbk.launcher2/com.bbk.launcher2/com.bbk.launcher2.Launcher}, statusBarIconStyle = -1, statusBarBgColor = 0, mIsBgColorLight= false, mIsLightFlag= false, isLauncher= true, isKeyguardShowing= false
04-16 16:37:39.891  1335  1335 I StatusBarColorController: SystemUI|setIconsDark: mIsIconsDark= false, dark= false, mBarMode= 4, mIconStyle= -1, animate= false, mIsLightFlag= false
04-16 16:37:39.895  1335  1335 I StatusBarColorController: SystemUI|onStatusBarBackgroundChanged:  componentName= ComponentInfo{com.bbk.launcher2/com.bbk.launcher2/com.bbk.launcher2.Launcher}, statusBarIconStyle = -1, statusBarBgColor = 0, mIsBgColorLight= false, mIsLightFlag= false, isLauncher= true, isKeyguardShowing= false
04-16 16:37:39.895  1335  1335 I StatusBarColorController: SystemUI|setIconsDark: mIsIconsDark= false, dark= false, mBarMode= 4, mIconStyle= -1, animate= false, mIsLightFlag= false
04-16 16:37:39.895  1860  1872 D HomeIndicatorController: UpSlide|handleNotifySystemBarColor: topClassName= com.bbk.launcher2/com.bbk.launcher2.Launcher  ,CoverColor= fff6f6f6,isIconsDark=true,mIsIconsDark = false ,VisState= -1
04-16 16:37:39.895  1860  1872 D IndicatorState: UpSlide|setIndicatorVisState: mIndicatorVisState= 10, state= -1
04-16 16:37:39.895  1860  1860 D IndicatorStyle: UpSlide|setIconsDark: mIsIconsDark= false, dark= true, force= false
04-16 16:37:39.895  1860  1860 D IndicatorStyle: UpSlide|applyIndicatorTint: mIsIconsDark= true
04-16 16:37:39.897  1842  2052 D _V_AIE-ActivityMonitor: notifyActivityPaused ActivityInfo{componentName=ComponentInfo{com.bbk.launcher2/com.bbk.launcher2.Launcher}, packageInfo=PackageInfo{9e76c10 com.bbk.launcher2}}
04-16 16:37:39.897  1842  2052 D _V_AIE-PageGrab-PageGrabManager: [onActivityPaused]
04-16 16:37:39.898   913   981 D Surface : lockCanvas
04-16 16:37:39.898   913   981 D Surface : Surface::connect(this=0x733c079000,api=2)
04-16 16:37:39.899   407  2331 I BufferQueueProducer: [Splash Screen com.yunshouhu.hellojni#0](this:0x784d60e000,id:194,api:2,p:913,c:407) connect(P): api=2 producer=(913:system_server) producerControlledByApp=false
04-16 16:37:39.899  3634  3703 D _V_ContentCatcher-TouchCatcherService: cur package = com.bbk.launcher2 class = com.bbk.launcher2.Launcher
04-16 16:37:39.904  1842 28194 D _V_AIE-LocalPersistence: [insert]  BaseEventTableManager = class com.vivo.awarecontext.persistence.db.collect.event.FgPageEventTableManager
04-16 16:37:39.907   913   981 D Surface : lockCanvas
04-16 16:37:39.907   913   981 D Surface : Surface::connect(this=0x733bfd8000,api=2)
04-16 16:37:39.908   407   433 I BufferQueueProducer: [Splash Screen com.yunshouhu.hellojni:Inset:Sub#0](this:0x784d670000,id:196,api:2,p:913,c:407) connect(P): api=2 producer=(913:system_server) producerControlledByApp=false
04-16 16:37:39.908  1335  1335 I StatusBarColorController: SystemUI|onStatusBarBackgroundChanged:  componentName= ComponentInfo{com.bbk.launcher2/com.bbk.launcher2/com.bbk.launcher2.Launcher}, statusBarIconStyle = -1, statusBarBgColor = 0, mIsBgColorLight= false, mIsLightFlag= false, isLauncher= true, isKeyguardShowing= false
04-16 16:37:39.908  1335  1335 I StatusBarColorController: SystemUI|setIconsDark: mIsIconsDark= false, dark= false, mBarMode= 4, mIconStyle= -1, animate= false, mIsLightFlag= false
04-16 16:37:39.910   913   981 D Surface : lockCanvas
04-16 16:37:39.910   913  2577 D WindowManager: activity is force full screen activity: false
04-16 16:37:39.910   913   981 D Surface : Surface::connect(this=0x733c1dc000,api=2)
04-16 16:37:39.910   407   782 I BufferQueueProducer: [Splash Screen com.yunshouhu.hellojni:Inset#0](this:0x784d60f800,id:195,api:2,p:913,c:407) connect(P): api=2 producer=(913:system_server) producerControlledByApp=false
04-16 16:37:39.910   407   433 I BufferQueueProducer: [HomeIndicator#0](this:0x78575fd800,id:164,api:1,p:1860,c:407) queueBuffer: fps=1.62 dur=1231.69 max=760.94 min=470.75
04-16 16:37:39.913  1335  1335 D ImageWallpaper: onOffsetsChanged: xOffset=0.0, yOffset=0.0, xOffsetStep=0.0, yOffsetStep=0.0, xPixels=0, yPixels=0
04-16 16:37:39.914  1335  1335 D ImageWallpaper: drawFrame, newRotation:0 mLastRotation:0
04-16 16:37:39.914  1335  1335 D ImageWallpaper: drawFrame, frame size:1080/2280; ForceDraw : false
04-16 16:37:39.914  1335  1335 D ImageWallpaper: Suppressed drawFrame since redraw is not needed and offsets have not changed.
04-16 16:37:39.914   407   407 E SurfaceFlinger: [Splash Screen com.yunshouhu.hellojni:Inset#0] rejecting buffer: bufWidth=1, bufHeight=1, front.active.{w=1080, h=0}
04-16 16:37:39.914  1335  1335 I StatusBarColorController: SystemUI|onStatusBarBackgroundChanged:  componentName= ComponentInfo{com.bbk.launcher2/com.bbk.launcher2/com.bbk.launcher2.Launcher}, statusBarIconStyle = -1, statusBarBgColor = 0, mIsBgColorLight= false, mIsLightFlag= false, isLauncher= true, isKeyguardShowing= false
04-16 16:37:39.914  1335  1335 I StatusBarColorController: SystemUI|setIconsDark: mIsIconsDark= false, dark= false, mBarMode= 4, mIconStyle= -1, animate= false, mIsLightFlag= false
04-16 16:37:39.929  1842 28194 D _V_AIE-DbEventDispatcher: FgPageEvent changed【insert rowIds [7396]】【update count 0】【delete count 0】
04-16 16:37:39.930  1842  2389 D _V_AIE-DbEventDispatcher: handleInsertEvent rowId is 7396
04-16 16:37:39.936  1335  1335 I StatusBarColorController: SystemUI|onStatusBarBackgroundChanged:  componentName= ComponentInfo{com.bbk.launcher2/com.bbk.launcher2/com.bbk.launcher2.Launcher}, statusBarIconStyle = -1, statusBarBgColor = 0, mIsBgColorLight= false, mIsLightFlag= false, isLauncher= true, isKeyguardShowing= false
04-16 16:37:39.936  1335  1335 I StatusBarColorController: SystemUI|setIconsDark: mIsIconsDark= false, dark= false, mBarMode= 4, mIconStyle= -1, animate= false, mIsLightFlag= false
04-16 16:37:39.934   913  2577 D WindowManager: activity is force full screen activity: false
04-16 16:37:39.941   913  2577 I WindowManager: appTransitionStateChanged, mVivoTransitionOnGoing = false
04-16 16:37:39.942  1335  1335 I StatusBarColorController: SystemUI|onStatusBarBackgroundChanged:  componentName= ComponentInfo{com.bbk.launcher2/com.bbk.launcher2/com.bbk.launcher2.Launcher}, statusBarIconStyle = -1, statusBarBgColor = 0, mIsBgColorLight= false, mIsLightFlag= false, isLauncher= true, isKeyguardShowing= false
04-16 16:37:39.942  1335  1335 I StatusBarColorController: SystemUI|setIconsDark: mIsIconsDark= false, dark= false, mBarMode= 4, mIconStyle= -1, animate= false, mIsLightFlag= false
04-16 16:37:39.943   913  2577 I WindowManager: appTransitionStateChanged, mVivoTransitionOnGoing = true
04-16 16:37:39.944   913  2577 D WindowManager: activity is force full screen activity: false
04-16 16:37:39.944  1335  1335 I StatusBarColorController: SystemUI|onStatusBarBackgroundChanged:  componentName= ComponentInfo{com.bbk.launcher2/com.bbk.launcher2/com.bbk.launcher2.Launcher}, statusBarIconStyle = -1, statusBarBgColor = 0, mIsBgColorLight= false, mIsLightFlag= false, isLauncher= true, isKeyguardShowing= false
04-16 16:37:39.944  1335  1335 I StatusBarColorController: SystemUI|setIconsDark: mIsIconsDark= false, dark= false, mBarMode= 4, mIconStyle= -1, animate= false, mIsLightFlag= false
04-16 16:37:39.945   400   425 I vendor.mediatek.hardware.power@1.1-impl: notifyAppState pack:com.yunshouhu.hellojni, act:com.yunshouhu.hellojni.MainActivity, pid:28189, state:1
04-16 16:37:39.946   913   981 D VivoWifiUtil: onForegroundActivitiesChanged: pid=28189, uid=10420, foregroundActivities=true
04-16 16:37:39.946   400   424 I libPerfService: [perfNotifyAppState] foreground:com.yunshouhu.hellojni, pid:28189
04-16 16:37:39.946   913   981 D VivoWifiUtil: mForgroundAppName=com.yunshouhu.hellojni, mLastForgroundAppName=com.yunshouhu.hellojni
04-16 16:37:39.946   913   981 D VivoWifiUtil: handleForgrouneAppChanged oldApp:com.yunshouhu.hellojni, newApp:com.yunshouhu.hellojni
04-16 16:37:39.946   913   981 D BBKTouchScreenServiceService: pakage name is com.yunshouhu.hellojniwith :10420
04-16 16:37:39.946  1860  1860 I UpSlideHelper: UpSlide|toggleUpSlideViewInCamera isInCamera = false
04-16 16:37:39.946   913   981 D BBKTouchScreenServiceService: called and appName is [B@292750f
04-16 16:37:39.947   402   402 D touchscreen: 23 bytes have been write to app name
04-16 16:37:39.947  5073  5219 I _V_UsageAppManager: dealAppInfoList.getPid()=28189,dealAppInfoList.getUid()=10420,dealAppInfoList.getPkgName()=com.yunshouhu.hellojni
04-16 16:37:39.947  5073  5219 I _V_UsageAppManager: dealAppInfoList_mForgroundInfo_pid=28189,mForgroundInfo_pkgName=com.yunshouhu.hellojni,mForgroundInfo_uid=10420,mBackgroundInfo_pid=2770,mBackgroundInfo_pkgName=com.bbk.launcher2,mBackgroundInfo_uid=10035
04-16 16:37:39.949  4046 22154 I _V_SecureService2: onForegroundActivitiesChanged() pid = 28189, uid = 10420, foregroundActivities = true
04-16 16:37:39.949  2687  7621 I _V_LuckyMoneyService: mProcessObserver_doubleAppUid=99999
04-16 16:37:39.949  1301  4057 E _V_AppStatisticManager: addLruPkg pkgName = com.yunshouhu.hellojni
04-16 16:37:39.949  2687  7621 I _V_LuckyMoneyService: mProcessObserver_mainAppUid=99999
04-16 16:37:39.949  1842  3479 D _V_AIE-UsageDetailAppCollector: onForegroundActivityChanged_PID = 28189 ,uid = 10420 ,foregroundActivities = true
04-16 16:37:39.949  1842  2475 D _V_AIE-UsageDetailAppCollector: dealAppInfoList.getPid()=28189,dealAppInfoList.getUid()=10420,dealAppInfoList.getPkgName()=com.yunshouhu.hellojni
04-16 16:37:39.949  1842  2475 D _V_AIE-UsageDetailAppCollector: dealAppInfoList_mForgroundInfo_pid=28189,mForgroundInfo_pkgName=com.yunshouhu.hellojni,mForgroundInfo_uid=10420,mBackgroundInfo_pid=2770,mBackgroundInfo_pkgName=com.bbk.launcher2,mBackgroundInfo_uid=10035
04-16 16:37:39.949  1569  2108 I MotorModeDaemonService: handleMessage--msg.what=1
04-16 16:37:39.949  1569  1569 D GameModeManager: mSuspendGamesList:[]pkgName:com.yunshouhu.hellojni
04-16 16:37:39.950  1842  2475 D _V_AIE-UsageDetailAppCollector: getversionCode=1
04-16 16:37:39.950  1842  2475 D _V_AIE-UsageDetailAppCollector: getVersionName_name=1.0
04-16 16:37:39.950   913  1261 D UserModifyRecorder: pakage name is com.yunshouhu.hellojni with :10420
04-16 16:37:39.950  1842  2475 D _V_AIE-UsageDetailAppCollector: LBSLocationTask.getInstance().startLocation
04-16 16:37:39.950  1842  2475 D _V_AIE-LBS-LBSLocationTask: startLocation callback: com.vivo.aiengine.services.collect.a.j$2@ce9090e  scaleTime: 600000
04-16 16:37:39.950  1842  2475 D _V_AIE-LBS-LBSLocationTask: mLastLocation is Valid.
04-16 16:37:39.950  1842  2475 D _V_AIE-UsageDetailAppCollector: onLocSuccess
04-16 16:37:39.950  1335  1335 I StatusBarColorController: SystemUI|onStatusBarBackgroundChanged:  componentName= ComponentInfo{com.yunshouhu.hellojni/Splash Screen com.yunshouhu.hellojni}, statusBarIconStyle = 1, statusBarBgColor = ff00574b, mIsBgColorLight= false, mIsLightFlag= false, isLauncher= false, isKeyguardShowing= false
04-16 16:37:39.950  1335  1335 I StatusBarColorController: SystemUI|setIconsDark: mIsIconsDark= false, dark= false, mBarMode= 4, mIconStyle= 1, animate= false, mIsLightFlag= false
04-16 16:37:39.951   913   998 D PowerManagerService: fgApp changed!
04-16 16:37:39.952  2770  3064 D Surface : Surface::disconnect(this=0x7350272000,api=1)
04-16 16:37:39.953  1569 25564 I LocationDialogService: onForegroundActivitiesChanged() pid = 28189, uid = 10420, foregroundActivities = true
04-16 16:37:39.953  1569  1583 I ProxCoverNoticeService: isHomeLauncher = false
04-16 16:37:39.953   407   433 I BufferQueueProducer: [com.bbk.launcher2/com.bbk.launcher2.Launcher#0](this:0x784d65e000,id:182,api:1,p:2770,c:407) disconnect(P): api 1
04-16 16:37:39.953   407   433 I BufferQueueConsumer: [com.bbk.launcher2/com.bbk.launcher2.Launcher#0](this:0x784d65e000,id:182,api:1,p:-1,c:407) getReleasedBuffers: returning mask 0xffffffffffffffff
04-16 16:37:39.953  1569 25564 I LocationDialogService: onForegroundActivitiesChanged name Process == com.yunshouhu.hellojni
04-16 16:37:39.953  3401 16282 I FloatingBallDiplomat: FloatingBall|appTransitionStarting >> packageName =com.yunshouhu.hellojni activityName = com.yunshouhu.hellojni.MainActivity
04-16 16:37:39.954  5073  5219 I _V_UsageAppManager: getversionCode=1
04-16 16:37:39.954  5073  5219 I _V_UsageAppManager: getVersionName_name=1.0
04-16 16:37:39.954  1569  1569 I VivoDaemonServiceApp: notify mSuspendModeManager
04-16 16:37:39.954  1569  1583 I ProxCoverNoticeService: top activity name = com.yunshouhu.hellojni
04-16 16:37:39.954  1569  1583 E ProxCoverNoticeService: monitor view is null, no need to update minimum
04-16 16:37:39.954  1569 23892 I SLService2: HAHA2 pid = 28189, uid = 10420, f = true
04-16 16:37:39.954  1569  1583 I ProxCoverNoticeService: onForegroundActivitiesChanged, pid = 28189, uid = 10420, pkg = com.yunshouhu.hellojni, foregroundActivities = true
04-16 16:37:39.955   913  1186 V NetworkStats: setKernelCounterSet uid=10420 set=1
04-16 16:37:39.955   913  1908 D WindowManager: activity is force full screen activity: false
04-16 16:37:39.955  1301  5134 I _V_ABE  : PowerEngineService enter the forgound
04-16 16:37:39.956  1569  1583 I ProxCoverNoticeService: isKeyguardLocked = false, isDeviceLocked = false, isKeyguardSecure = true, isDeviceSecure = true, inKeyguardRestrictedInputMode = false
04-16 16:37:39.956   913  1772 D NetworkPolicy: uid 10056 is allowed on unmetered network
04-16 16:37:39.958  2687  7621 I _V_LuckyMoneyService: processInfo_pkgList[0]=com.yunshouhu.hellojni
04-16 16:37:39.958  2687  7621 I _V_LuckyMoneyService: processInfo_processName=com.yunshouhu.hellojni
04-16 16:37:39.958  2687  7621 I _V_LuckyMoneyService: processInfo_uid=10420
04-16 16:37:39.959  2770  2770 D Launcher: onWindowFocusChanged ,  hasFocus = false
04-16 16:37:39.964   407   407 W Layer   : [Splash Screen com.yunshouhu.hellojni#0] opaque layer with plane alpha:0.23 cannot be handled by hwcomposer
04-16 16:37:39.966   407   407 I BufferQueueProducer: [FrameBufferSurface_0](this:0x7857ffc000,id:0,api:1,p:407,c:407) queueBuffer: fps=17.82 dur=1234.65 max=551.44 min=15.52
04-16 16:37:39.980   407   407 W Layer   : [Splash Screen com.yunshouhu.hellojni#0] opaque layer with plane alpha:0.74 cannot be handled by hwcomposer
04-16 16:37:39.981 28189 28189 F libc    : Fatal signal 11 (SIGSEGV), code 2, fault addr 0xd34d17b4 in tid 28189 (shouhu.hellojni), pid 28189 (shouhu.hellojni)
04-16 16:37:39.997  1860  2153 I WhiteListHelper: UpSlide|isPkgHidedInVisitorMode >>> pkg = com.yunshouhu.hellojni, mHideIconList = null
04-16 16:37:39.997   407   407 W Layer   : [Splash Screen com.yunshouhu.hellojni#0] opaque layer with plane alpha:1.00 cannot be handled by hwcomposer
04-16 16:37:40.005  5179 16304 I FloatWindowManagerService: get top = com.yunshouhu.hellojni
04-16 16:37:40.005  5179 16304 I FloatWindowManagerService:  ; lrp is : com.yunshouhu.hellojni ; tlp is : com.yunshouhu.hellojni
04-16 16:37:40.006  5179 16304 I FloatWindowManagerService: cur n : com.yunshouhu.hellojni is not al , swi to al !
04-16 16:37:40.009  2770  2804 V BBKWeather-frm: getWidgetWeatherInfo realTimeStr = 2020-04-16 16:37:40
04-16 16:37:40.013 28209 28209 I crash_dump32: obtaining output fd from tombstoned, type: kDebuggerdTombstone
04-16 16:37:40.013   584   584 I /system/bin/tombstoned: received crash request for pid 28189
04-16 16:37:40.014 28209 28209 I crash_dump32: performing dump of process 28189 (target tid = 28189)
04-16 16:37:40.014 28189 28189 I libc    : orig_dumpable: 1
04-16 16:37:40.015 28209 28209 F DEBUG   : *** *** *** *** *** *** *** *** *** *** *** *** *** *** *** ***
04-16 16:37:40.015 28209 28209 F DEBUG   : Build fingerprint: 'vivo/PD1801/PD1801:8.1.0/O11019/1560411816:user/release-keys'
04-16 16:37:40.015 28209 28209 F DEBUG   : Revision: '0'
04-16 16:37:40.015 28209 28209 F DEBUG   : ABI: 'arm'
04-16 16:37:40.015 28209 28209 F DEBUG   : pid: 28189, tid: 28189, name: shouhu.hellojni  >>> com.yunshouhu.hellojni <<<
04-16 16:37:40.015 28209 28209 F DEBUG   : signal 11 (SIGSEGV), code 2 (SEGV_ACCERR), fault addr 0xd34d17b4
04-16 16:37:40.015 28209 28209 F DEBUG   :     r0 d34d17b4  r1 0000000a  r2 000487b4  r3 00323378
04-16 16:37:40.015 28209 28209 F DEBUG   :     r4 f5980e10  r5 d34d17b4  r6 0000000b  r7 d348ee48
04-16 16:37:40.015 28209 28209 F DEBUG   :     r8 00000000  r9 00000016  sl d348b50f  fp 00000007
04-16 16:37:40.015 28209 28209 F DEBUG   :     ip ff000000  sp ff94b088  lr f6fe0b41  pc d34d17b4  cpsr 60070010
04-16 16:37:40.017   390   477 W hwcomposer: [OVL] (0) No overlay input queue(2)  
04-16 16:37:40.018   390   477 I hwcomposer: [DBQ] (q2:0x7c03c69300) Buffer queue is created with size(3)  
